this = "this\\nthat\\nmore"
foo = "bar\nbaz\nqux\n"
